// Jest Snapshot v1, https://goo.gl/fbAQLP

exports[`AccountListItem renders correctly 1`] = `
ShallowWrapper {
  "length": 1,
  Symbol(enzyme.__root__): [Circular],
  Symbol(enzyme.__unrendered__): <WithStyles(AccountListItem)
    account={
      Object {
        "email": "admin@admin.com",
        "role": "admin",
        "username": "admin",
      }
    }
  />,
  Symbol(enzyme.__renderer__): Object {
    "batchedUpdates": [Function],
    "getNode": [Function],
    "render": [Function],
    "simulateEvent": [Function],
    "unmount": [Function],
  },
  Symbol(enzyme.__node__): Object {
    "instance": null,
    "key": undefined,
    "nodeType": "function",
    "props": Object {
      "account": Object {
        "email": "admin@admin.com",
        "role": "admin",
        "username": "admin",
      },
      "classes": Object {
        "firstCell": "AccountListItem-firstCell-1",
        "icon": "AccountListItem-icon-4",
        "lastCell": "AccountListItem-lastCell-2",
        "lastIconButton": "AccountListItem-lastIconButton-3",
      },
    },
    "ref": null,
    "rendered": null,
    "type": [Function],
  },
  Symbol(enzyme.__nodes__): Array [
    Object {
      "instance": null,
      "key": undefined,
      "nodeType": "function",
      "props": Object {
        "account": Object {
          "email": "admin@admin.com",
          "role": "admin",
          "username": "admin",
        },
        "classes": Object {
          "firstCell": "AccountListItem-firstCell-1",
          "icon": "AccountListItem-icon-4",
          "lastCell": "AccountListItem-lastCell-2",
          "lastIconButton": "AccountListItem-lastIconButton-3",
        },
      },
      "ref": null,
      "rendered": null,
      "type": [Function],
    },
  ],
  Symbol(enzyme.__options__): Object {
    "adapter": ReactSixteenAdapter {
      "options": Object {
        "enableComponentDidUpdateOnSetState": true,
      },
    },
  },
}
`;
