// Jest Snapshot v1, https://goo.gl/fbAQLP

exports[`ConfirmationDialog renders correctly 1`] = `
ShallowWrapper {
  "length": 1,
  Symbol(enzyme.__root__): [Circular],
  Symbol(enzyme.__unrendered__): <ConfirmationDialog
    buttonLabel="Delete"
    confirmationOpen={false}
    label="ConfirmationDialog"
    onAction={[MockFunction]}
    onCloseConfirmation={[MockFunction]}
  />,
  Symbol(enzyme.__renderer__): Object {
    "batchedUpdates": [Function],
    "getNode": [Function],
    "render": [Function],
    "simulateEvent": [Function],
    "unmount": [Function],
  },
  Symbol(enzyme.__node__): Object {
    "instance": null,
    "key": undefined,
    "nodeType": "class",
    "props": Object {
      "children": Array [
        <WithStyles(DialogTitle)>
          Confirm
        </WithStyles(DialogTitle)>,
        <WithStyles(DialogContent)>
          <WithStyles(DialogContentText)>
            ConfirmationDialog
          </WithStyles(DialogContentText)>
        </WithStyles(DialogContent)>,
        <WithStyles(DialogActions)>
          <WithStyles(Button)
            onClick={[MockFunction]}
          >
            Cancel
          </WithStyles(Button)>
          <WithStyles(Button)
            color="secondary"
            onClick={[MockFunction]}
          >
            Delete
          </WithStyles(Button)>
        </WithStyles(DialogActions)>,
      ],
      "onClose": [MockFunction],
      "open": false,
    },
    "ref": null,
    "rendered": Array [
      Object {
        "instance": null,
        "key": undefined,
        "nodeType": "class",
        "props": Object {
          "children": "Confirm",
        },
        "ref": null,
        "rendered": "Confirm",
        "type": [Function],
      },
      Object {
        "instance": null,
        "key": undefined,
        "nodeType": "class",
        "props": Object {
          "children": <WithStyles(DialogContentText)>
            ConfirmationDialog
          </WithStyles(DialogContentText)>,
        },
        "ref": null,
        "rendered": Object {
          "instance": null,
          "key": undefined,
          "nodeType": "class",
          "props": Object {
            "children": "ConfirmationDialog",
          },
          "ref": null,
          "rendered": "ConfirmationDialog",
          "type": [Function],
        },
        "type": [Function],
      },
      Object {
        "instance": null,
        "key": undefined,
        "nodeType": "class",
        "props": Object {
          "children": Array [
            <WithStyles(Button)
              onClick={[MockFunction]}
            >
              Cancel
            </WithStyles(Button)>,
            <WithStyles(Button)
              color="secondary"
              onClick={[MockFunction]}
            >
              Delete
            </WithStyles(Button)>,
          ],
        },
        "ref": null,
        "rendered": Array [
          Object {
            "instance": null,
            "key": undefined,
            "nodeType": "class",
            "props": Object {
              "children": "Cancel",
              "onClick": [MockFunction],
            },
            "ref": null,
            "rendered": "Cancel",
            "type": [Function],
          },
          Object {
            "instance": null,
            "key": undefined,
            "nodeType": "class",
            "props": Object {
              "children": "Delete",
              "color": "secondary",
              "onClick": [MockFunction],
            },
            "ref": null,
            "rendered": "Delete",
            "type": [Function],
          },
        ],
        "type": [Function],
      },
    ],
    "type": [Function],
  },
  Symbol(enzyme.__nodes__): Array [
    Object {
      "instance": null,
      "key": undefined,
      "nodeType": "class",
      "props": Object {
        "children": Array [
          <WithStyles(DialogTitle)>
            Confirm
          </WithStyles(DialogTitle)>,
          <WithStyles(DialogContent)>
            <WithStyles(DialogContentText)>
              ConfirmationDialog
            </WithStyles(DialogContentText)>
          </WithStyles(DialogContent)>,
          <WithStyles(DialogActions)>
            <WithStyles(Button)
              onClick={[MockFunction]}
            >
              Cancel
            </WithStyles(Button)>
            <WithStyles(Button)
              color="secondary"
              onClick={[MockFunction]}
            >
              Delete
            </WithStyles(Button)>
          </WithStyles(DialogActions)>,
        ],
        "onClose": [MockFunction],
        "open": false,
      },
      "ref": null,
      "rendered": Array [
        Object {
          "instance": null,
          "key": undefined,
          "nodeType": "class",
          "props": Object {
            "children": "Confirm",
          },
          "ref": null,
          "rendered": "Confirm",
          "type": [Function],
        },
        Object {
          "instance": null,
          "key": undefined,
          "nodeType": "class",
          "props": Object {
            "children": <WithStyles(DialogContentText)>
              ConfirmationDialog
            </WithStyles(DialogContentText)>,
          },
          "ref": null,
          "rendered": Object {
            "instance": null,
            "key": undefined,
            "nodeType": "class",
            "props": Object {
              "children": "ConfirmationDialog",
            },
            "ref": null,
            "rendered": "ConfirmationDialog",
            "type": [Function],
          },
          "type": [Function],
        },
        Object {
          "instance": null,
          "key": undefined,
          "nodeType": "class",
          "props": Object {
            "children": Array [
              <WithStyles(Button)
                onClick={[MockFunction]}
              >
                Cancel
              </WithStyles(Button)>,
              <WithStyles(Button)
                color="secondary"
                onClick={[MockFunction]}
              >
                Delete
              </WithStyles(Button)>,
            ],
          },
          "ref": null,
          "rendered": Array [
            Object {
              "instance": null,
              "key": undefined,
              "nodeType": "class",
              "props": Object {
                "children": "Cancel",
                "onClick": [MockFunction],
              },
              "ref": null,
              "rendered": "Cancel",
              "type": [Function],
            },
            Object {
              "instance": null,
              "key": undefined,
              "nodeType": "class",
              "props": Object {
                "children": "Delete",
                "color": "secondary",
                "onClick": [MockFunction],
              },
              "ref": null,
              "rendered": "Delete",
              "type": [Function],
            },
          ],
          "type": [Function],
        },
      ],
      "type": [Function],
    },
  ],
  Symbol(enzyme.__options__): Object {
    "adapter": ReactSixteenAdapter {
      "options": Object {
        "enableComponentDidUpdateOnSetState": true,
      },
    },
  },
}
`;
