// Jest Snapshot v1, https://goo.gl/fbAQLP

exports[`MissingPage renders correctly 1`] = `
ShallowWrapper {
  "length": 1,
  Symbol(enzyme.__root__): [Circular],
  Symbol(enzyme.__unrendered__): <MissingPage
    location={
      Object {
        "pathname": "/test",
      }
    }
  />,
  Symbol(enzyme.__renderer__): Object {
    "batchedUpdates": [Function],
    "getNode": [Function],
    "render": [Function],
    "simulateEvent": [Function],
    "unmount": [Function],
  },
  Symbol(enzyme.__node__): Object {
    "instance": null,
    "key": undefined,
    "nodeType": "class",
    "props": Object {
      "children": Array [
        <WithStyles(Typography)
          gutterBottom={true}
          variant="display3"
        >
          Could not find page:
        </WithStyles(Typography)>,
        <WithStyles(Typography)
          gutterBottom={true}
          variant="display2"
        >
          <code>
            /test
          </code>
        </WithStyles(Typography)>,
      ],
    },
    "ref": null,
    "rendered": Array [
      Object {
        "instance": null,
        "key": undefined,
        "nodeType": "class",
        "props": Object {
          "children": "Could not find page:",
          "gutterBottom": true,
          "variant": "display3",
        },
        "ref": null,
        "rendered": "Could not find page:",
        "type": [Function],
      },
      Object {
        "instance": null,
        "key": undefined,
        "nodeType": "class",
        "props": Object {
          "children": <code>
            /test
          </code>,
          "gutterBottom": true,
          "variant": "display2",
        },
        "ref": null,
        "rendered": Object {
          "instance": null,
          "key": undefined,
          "nodeType": "host",
          "props": Object {
            "children": "/test",
          },
          "ref": null,
          "rendered": "/test",
          "type": "code",
        },
        "type": [Function],
      },
    ],
    "type": [Function],
  },
  Symbol(enzyme.__nodes__): Array [
    Object {
      "instance": null,
      "key": undefined,
      "nodeType": "class",
      "props": Object {
        "children": Array [
          <WithStyles(Typography)
            gutterBottom={true}
            variant="display3"
          >
            Could not find page:
          </WithStyles(Typography)>,
          <WithStyles(Typography)
            gutterBottom={true}
            variant="display2"
          >
            <code>
              /test
            </code>
          </WithStyles(Typography)>,
        ],
      },
      "ref": null,
      "rendered": Array [
        Object {
          "instance": null,
          "key": undefined,
          "nodeType": "class",
          "props": Object {
            "children": "Could not find page:",
            "gutterBottom": true,
            "variant": "display3",
          },
          "ref": null,
          "rendered": "Could not find page:",
          "type": [Function],
        },
        Object {
          "instance": null,
          "key": undefined,
          "nodeType": "class",
          "props": Object {
            "children": <code>
              /test
            </code>,
            "gutterBottom": true,
            "variant": "display2",
          },
          "ref": null,
          "rendered": Object {
            "instance": null,
            "key": undefined,
            "nodeType": "host",
            "props": Object {
              "children": "/test",
            },
            "ref": null,
            "rendered": "/test",
            "type": "code",
          },
          "type": [Function],
        },
      ],
      "type": [Function],
    },
  ],
  Symbol(enzyme.__options__): Object {
    "adapter": ReactSixteenAdapter {
      "options": Object {
        "enableComponentDidUpdateOnSetState": true,
      },
    },
  },
}
`;
