// Jest Snapshot v1, https://goo.gl/fbAQLP

exports[`PasswordField renders correctly 1`] = `
ShallowWrapper {
  "length": 1,
  Symbol(enzyme.__root__): [Circular],
  Symbol(enzyme.__unrendered__): <PasswordField
    className=""
    classes={
      Object {
        "iconButton": "PasswordField-iconButton-1",
      }
    }
    error={false}
    helperText=""
    label="Password"
    required={false}
  />,
  Symbol(enzyme.__renderer__): Object {
    "batchedUpdates": [Function],
    "getNode": [Function],
    "render": [Function],
    "simulateEvent": [Function],
    "unmount": [Function],
  },
  Symbol(enzyme.__node__): Object {
    "instance": null,
    "key": undefined,
    "nodeType": "class",
    "props": Object {
      "children": Array [
        <WithStyles(InputLabel)
          error={false}
        >
          Password
        </WithStyles(InputLabel)>,
        <WithStyles(Input)
          endAdornment={
            <WithStyles(InputAdornment)
              position="end"
            >
              <WithStyles(IconButton)
                className="PasswordField-iconButton-1"
                onClick={[Function]}
              >
                <pure(Visibility) />
              </WithStyles(IconButton)>
            </WithStyles(InputAdornment)>
          }
          type="password"
        />,
        "",
      ],
      "className": "",
      "required": false,
    },
    "ref": null,
    "rendered": Array [
      Object {
        "instance": null,
        "key": undefined,
        "nodeType": "class",
        "props": Object {
          "children": "Password",
          "error": false,
        },
        "ref": null,
        "rendered": "Password",
        "type": [Function],
      },
      Object {
        "instance": null,
        "key": undefined,
        "nodeType": "class",
        "props": Object {
          "endAdornment": <WithStyles(InputAdornment)
            position="end"
          >
            <WithStyles(IconButton)
              className="PasswordField-iconButton-1"
              onClick={[Function]}
            >
              <pure(Visibility) />
            </WithStyles(IconButton)>
          </WithStyles(InputAdornment)>,
          "type": "password",
        },
        "ref": null,
        "rendered": null,
        "type": [Function],
      },
      "",
    ],
    "type": [Function],
  },
  Symbol(enzyme.__nodes__): Array [
    Object {
      "instance": null,
      "key": undefined,
      "nodeType": "class",
      "props": Object {
        "children": Array [
          <WithStyles(InputLabel)
            error={false}
          >
            Password
          </WithStyles(InputLabel)>,
          <WithStyles(Input)
            endAdornment={
              <WithStyles(InputAdornment)
                position="end"
              >
                <WithStyles(IconButton)
                  className="PasswordField-iconButton-1"
                  onClick={[Function]}
                >
                  <pure(Visibility) />
                </WithStyles(IconButton)>
              </WithStyles(InputAdornment)>
            }
            type="password"
          />,
          "",
        ],
        "className": "",
        "required": false,
      },
      "ref": null,
      "rendered": Array [
        Object {
          "instance": null,
          "key": undefined,
          "nodeType": "class",
          "props": Object {
            "children": "Password",
            "error": false,
          },
          "ref": null,
          "rendered": "Password",
          "type": [Function],
        },
        Object {
          "instance": null,
          "key": undefined,
          "nodeType": "class",
          "props": Object {
            "endAdornment": <WithStyles(InputAdornment)
              position="end"
            >
              <WithStyles(IconButton)
                className="PasswordField-iconButton-1"
                onClick={[Function]}
              >
                <pure(Visibility) />
              </WithStyles(IconButton)>
            </WithStyles(InputAdornment)>,
            "type": "password",
          },
          "ref": null,
          "rendered": null,
          "type": [Function],
        },
        "",
      ],
      "type": [Function],
    },
  ],
  Symbol(enzyme.__options__): Object {
    "adapter": ReactSixteenAdapter {
      "options": Object {
        "enableComponentDidUpdateOnSetState": true,
      },
    },
  },
}
`;
