// Jest Snapshot v1, https://goo.gl/fbAQLP

exports[`ProfileSheet renders correctly 1`] = `
ShallowWrapper {
  "length": 1,
  Symbol(enzyme.__root__): [Circular],
  Symbol(enzyme.__unrendered__): <WithStyles(Page)>
    <WithStyles(Typography)
      component="h3"
      variant="headline"
    >
      Create account
    </WithStyles(Typography)>
    <WithStyles(AccountForm) />
  </WithStyles(Page)>,
  Symbol(enzyme.__renderer__): Object {
    "batchedUpdates": [Function],
    "getNode": [Function],
    "render": [Function],
    "simulateEvent": [Function],
    "unmount": [Function],
  },
  Symbol(enzyme.__node__): Object {
    "instance": null,
    "key": undefined,
    "nodeType": "function",
    "props": Object {
      "children": Array [
        <WithStyles(Typography)
          component="h3"
          variant="headline"
        >
          Create account
        </WithStyles(Typography)>,
        <WithStyles(AccountForm) />,
      ],
      "classes": Object {
        "root": "Page-root-1",
      },
    },
    "ref": null,
    "rendered": Array [
      Object {
        "instance": null,
        "key": undefined,
        "nodeType": "class",
        "props": Object {
          "children": "Create account",
          "component": "h3",
          "variant": "headline",
        },
        "ref": null,
        "rendered": "Create account",
        "type": [Function],
      },
      Object {
        "instance": null,
        "key": undefined,
        "nodeType": "class",
        "props": Object {},
        "ref": null,
        "rendered": null,
        "type": [Function],
      },
    ],
    "type": [Function],
  },
  Symbol(enzyme.__nodes__): Array [
    Object {
      "instance": null,
      "key": undefined,
      "nodeType": "function",
      "props": Object {
        "children": Array [
          <WithStyles(Typography)
            component="h3"
            variant="headline"
          >
            Create account
          </WithStyles(Typography)>,
          <WithStyles(AccountForm) />,
        ],
        "classes": Object {
          "root": "Page-root-1",
        },
      },
      "ref": null,
      "rendered": Array [
        Object {
          "instance": null,
          "key": undefined,
          "nodeType": "class",
          "props": Object {
            "children": "Create account",
            "component": "h3",
            "variant": "headline",
          },
          "ref": null,
          "rendered": "Create account",
          "type": [Function],
        },
        Object {
          "instance": null,
          "key": undefined,
          "nodeType": "class",
          "props": Object {},
          "ref": null,
          "rendered": null,
          "type": [Function],
        },
      ],
      "type": [Function],
    },
  ],
  Symbol(enzyme.__options__): Object {
    "adapter": ReactSixteenAdapter {
      "options": Object {
        "enableComponentDidUpdateOnSetState": true,
      },
    },
  },
}
`;
